// Jest Snapshot v1, https://goo.gl/fbAQLP

exports[`generateBranchName generates a branch name, given proper inputs 1`] = `"bug/MYPROJECT-1/weve-got-this-terrible-defect"`;
