// Jest Snapshot v1, https://goo.gl/fbAQLP

exports[`printBanner prints the banner 1`] = `
"[44m           _           _                                  ___ [49m
[44m __      _| |__   __ _| |_      _ __   __ _ _ __ ___   __|__ \\\\[49m
[44m \\\\ \\\\ /\\\\ / / '_ \\\\ / _\` | __|____| '_ \\\\ / _\` | '_ \` _ \\\\ / _ \\\\/ /[49m
[44m  \\\\ V  V /| | | | (_| | ||_____| | | | (_| | | | | | |  __/_| [49m
[44m   \\\\_/\\\\_/ |_| |_|\\\\__,_|\\\\__|    |_| |_|\\\\__,_|_| |_| |_|\\\\___(_) [49m
[44m                                                              [49m"
`;
